{"ts":"2026-07-09T00:42:40.940Z","event":"upload","session":"46DBUL","username":"SequenceZero","uploadId":"24c7a817-77d6-417b-9009-4cbcccba3e29","sizeMB":19.77,"memberCount":2,"createdBy":"SequenceZero"}
{"ts":"2026-07-09T00:42:44.210Z","event":"upload","session":"46DBUL","username":"Nemean","uploadId":"2cce04c9-9934-4d37-ab65-39aac044cca5","sizeMB":29.12,"memberCount":2,"createdBy":"SequenceZero"}
{"ts":"2026-07-09T00:43:05.199Z","event":"upload","session":"46DBUL","username":"SequenceZero","uploadId":"1a567682-dcc9-4c79-bf03-e1c04ee81911","sizeMB":19.57,"memberCount":2,"createdBy":"SequenceZero"}
{"ts":"2026-07-09T00:43:11.393Z","event":"upload","session":"46DBUL","username":"Nemean","uploadId":"1ec39fba-deb0-4c8d-9895-5aaa3f658aa4","sizeMB":19.42,"memberCount":2,"createdBy":"SequenceZero"}
{"ts":"2026-07-09T00:49:56.734Z","event":"upload","session":"46DBUL","username":"Nemean","uploadId":"f2414dcd-7158-412a-a296-3b443b29b9e2","sizeMB":29.21,"memberCount":2,"createdBy":"SequenceZero"}
{"ts":"2026-07-09T00:49:57.575Z","event":"upload","session":"46DBUL","username":"SequenceZero","uploadId":"762055bc-9585-4f1a-a62d-44a3425c8a3d","sizeMB":28,"memberCount":2,"createdBy":"SequenceZero"}
{"ts":"2026-07-09T00:57:10.392Z","event":"upload","session":"46DBUL","username":"Nemean","uploadId":"39b4ccd9-0f0c-46a2-9785-39e4ecf1e122","sizeMB":26.59,"memberCount":2,"createdBy":"SequenceZero"}
{"ts":"2026-07-09T00:57:12.614Z","event":"upload","session":"46DBUL","username":"SequenceZero","uploadId":"a9163679-0802-4d26-81a8-8275606b3ee8","sizeMB":26.62,"memberCount":2,"createdBy":"SequenceZero"}
{"ts":"2026-07-09T00:57:57.761Z","event":"upload","session":"46DBUL","username":"Nemean","uploadId":"bb85da05-2c42-480e-ba28-33659ff32471","sizeMB":29.04,"memberCount":2,"createdBy":"SequenceZero"}
{"ts":"2026-07-09T00:58:02.311Z","event":"upload","session":"46DBUL","username":"SequenceZero","uploadId":"c4a06140-5d05-425f-8a48-a05cd06e3dab","sizeMB":30.58,"memberCount":2,"createdBy":"SequenceZero"}
{"ts":"2026-07-09T00:58:43.716Z","event":"upload","session":"46DBUL","username":"Nemean","uploadId":"15e93dbe-859a-49e3-ab6e-f55036012861","sizeMB":21.79,"memberCount":2,"createdBy":"SequenceZero"}
{"ts":"2026-07-09T00:58:49.697Z","event":"upload","session":"46DBUL","username":"SequenceZero","uploadId":"424b4bc6-241d-4d3e-a8d1-073ccf1e770b","sizeMB":28.06,"memberCount":2,"createdBy":"SequenceZero"}
{"ts":"2026-07-09T00:59:11.103Z","event":"upload","session":"46DBUL","username":"Nemean","uploadId":"358ff5c5-4638-407c-a38f-535edff52308","sizeMB":22.37,"memberCount":2,"createdBy":"SequenceZero"}
{"ts":"2026-07-09T00:59:14.791Z","event":"upload","session":"46DBUL","username":"SequenceZero","uploadId":"2c468bd5-166f-47f7-894d-7fa1857aa302","sizeMB":28.24,"memberCount":2,"createdBy":"SequenceZero"}
{"ts":"2026-07-09T01:13:00.826Z","event":"upload","session":"46DBUL","username":"Nemean","uploadId":"1638b051-5e47-4e80-a21a-a65ae15624d7","sizeMB":28.07,"memberCount":3,"createdBy":"SequenceZero"}
{"ts":"2026-07-09T01:13:07.911Z","event":"upload","session":"46DBUL","username":"SequenceZero","uploadId":"5836a7c6-99c6-46de-9f7f-9f7853c7af73","sizeMB":30.34,"memberCount":3,"createdBy":"SequenceZero"}
{"ts":"2026-07-09T01:13:37.897Z","event":"upload","session":"46DBUL","username":"Nemean","uploadId":"9564aef7-c4b5-4ca7-a281-ed8f3117bb0e","sizeMB":30.35,"memberCount":3,"createdBy":"SequenceZero"}
{"ts":"2026-07-09T01:13:44.601Z","event":"upload","session":"46DBUL","username":"SequenceZero","uploadId":"7a1a5816-223d-457b-81e4-52c795aa75ba","sizeMB":27.68,"memberCount":3,"createdBy":"SequenceZero"}
{"ts":"2026-07-09T01:17:53.445Z","event":"upload","session":"46DBUL","username":"Nemean","uploadId":"c62abaca-5cf0-4781-b11d-99dba444abca","sizeMB":31.22,"memberCount":3,"createdBy":"SequenceZero"}
{"ts":"2026-07-09T01:17:56.963Z","event":"upload","session":"46DBUL","username":"SequenceZero","uploadId":"eec446da-b3fd-44f2-9f56-53699111c31e","sizeMB":25.21,"memberCount":3,"createdBy":"SequenceZero"}
{"ts":"2026-07-09T01:20:22.677Z","event":"upload","session":"46DBUL","username":"Nemean","uploadId":"4ef3310d-fb6a-4bec-aff3-462c7bdc382a","sizeMB":24.84,"memberCount":3,"createdBy":"SequenceZero"}
{"ts":"2026-07-09T01:20:31.675Z","event":"upload","session":"46DBUL","username":"SequenceZero","uploadId":"72644470-da7e-45cd-8304-1c0bb6fc6d85","sizeMB":31.44,"memberCount":3,"createdBy":"SequenceZero"}
{"ts":"2026-07-09T01:21:03.314Z","event":"upload","session":"46DBUL","username":"Nemean","uploadId":"5c11d97c-04f2-468b-b0ce-2446da1c258e","sizeMB":17.44,"memberCount":3,"createdBy":"SequenceZero"}
{"ts":"2026-07-09T01:21:13.352Z","event":"upload","session":"46DBUL","username":"SequenceZero","uploadId":"910570bb-009d-46a5-ab9a-1a59cac692b1","sizeMB":25.71,"memberCount":3,"createdBy":"SequenceZero"}
{"ts":"2026-07-09T01:22:03.110Z","event":"upload","session":"46DBUL","username":"Nemean","uploadId":"001f3411-ecd1-43cf-b71e-4d5eea5e130b","sizeMB":31.25,"memberCount":3,"createdBy":"SequenceZero"}
{"ts":"2026-07-09T01:22:11.737Z","event":"upload","session":"46DBUL","username":"SequenceZero","uploadId":"826e1c5b-52e5-43a5-931c-6573c6d19ba4","sizeMB":27.59,"memberCount":3,"createdBy":"SequenceZero"}
{"ts":"2026-07-09T01:25:43.349Z","event":"upload","session":"46DBUL","username":"Nemean","uploadId":"981567f4-efe1-423a-a4e4-84e0bb5e0d06","sizeMB":26.17,"memberCount":3,"createdBy":"SequenceZero"}
{"ts":"2026-07-09T01:25:52.622Z","event":"upload","session":"46DBUL","username":"SequenceZero","uploadId":"0eb8037c-2956-48a7-bcd0-de0e82463ed3","sizeMB":28.29,"memberCount":3,"createdBy":"SequenceZero"}
{"ts":"2026-07-09T01:26:15.835Z","event":"upload","session":"46DBUL","username":"Nemean","uploadId":"a2e8819f-8fb8-4791-8213-d79c073c9c6c","sizeMB":31.61,"memberCount":3,"createdBy":"SequenceZero"}
{"ts":"2026-07-09T01:26:21.767Z","event":"upload","session":"46DBUL","username":"SequenceZero","uploadId":"e65ff47e-44c5-4ce8-8647-8ccde5165670","sizeMB":19.93,"memberCount":3,"createdBy":"SequenceZero"}
{"ts":"2026-07-09T01:37:44.132Z","event":"upload","session":"46DBUL","username":"Nemean","uploadId":"4bdbd1d8-2671-473e-9b4f-ca99d828e85e","sizeMB":28.38,"memberCount":3,"createdBy":"SequenceZero"}
{"ts":"2026-07-09T01:37:47.532Z","event":"upload","session":"46DBUL","username":"SequenceZero","uploadId":"5e193b19-6d02-4896-a391-6bac93b04858","sizeMB":15.07,"memberCount":3,"createdBy":"SequenceZero"}
{"ts":"2026-07-09T01:50:52.771Z","event":"upload","session":"CFDU7U","username":"Nemean","uploadId":"276661e0-06d6-4fb3-b295-5526c10d58c4","sizeMB":32.11,"memberCount":3,"createdBy":"Nemean"}
{"ts":"2026-07-09T01:51:46.664Z","event":"upload","session":"CFDU7U","username":"Nemean","uploadId":"7acf3139-6c90-4bdc-bda4-14e871c409af","sizeMB":28.52,"memberCount":3,"createdBy":"Nemean"}
{"ts":"2026-07-09T01:52:41.721Z","event":"upload","session":"CFDU7U","username":"Nemean","uploadId":"81eaadca-7a6b-40dc-a328-32d752c9e513","sizeMB":21.66,"memberCount":3,"createdBy":"Nemean"}
{"ts":"2026-07-09T01:52:55.553Z","event":"upload","session":"CFDU7U","username":"Nemean","uploadId":"2d8ca7d4-1278-4ef4-8d87-b5fdca27ac25","sizeMB":9.02,"memberCount":3,"createdBy":"Nemean"}
{"ts":"2026-07-09T01:56:08.476Z","event":"upload","session":"CFDU7U","username":"Dayman8","uploadId":"71969edd-b79b-4025-9b4d-4d18309d11f1","sizeMB":56.04,"memberCount":4,"createdBy":"Nemean"}
{"ts":"2026-07-09T01:56:17.324Z","event":"upload","session":"CFDU7U","username":"Nemean","uploadId":"d07ef554-02f7-411b-b691-94f8740471d8","sizeMB":19.41,"memberCount":4,"createdBy":"Nemean"}
{"ts":"2026-07-09T01:56:29.087Z","event":"upload","session":"CFDU7U","username":"Dayman8","uploadId":"3f11d567-42b2-4ce3-adf3-9650ebc21d13","sizeMB":10.26,"memberCount":4,"createdBy":"Nemean"}
{"ts":"2026-07-09T01:56:38.074Z","event":"upload","session":"CFDU7U","username":"Nemean","uploadId":"f8a569e2-7025-46ff-9c6f-5e2bb4d6c204","sizeMB":19.24,"memberCount":4,"createdBy":"Nemean"}
{"ts":"2026-07-09T01:57:40.681Z","event":"upload","session":"CFDU7U","username":"Dayman8","uploadId":"c3cd3c66-7bf1-4bee-b551-a35ea1a12f34","sizeMB":42.69,"memberCount":4,"createdBy":"Nemean"}
{"ts":"2026-07-09T01:57:53.527Z","event":"upload","session":"CFDU7U","username":"Nemean","uploadId":"8a3baabb-8313-48e0-9139-e1f97ba49b6b","sizeMB":19.31,"memberCount":4,"createdBy":"Nemean"}
{"ts":"2026-07-09T01:59:20.760Z","event":"upload","session":"CFDU7U","username":"Nemean","uploadId":"c9b64092-5e1e-4a33-b6ad-12008d036a3d","sizeMB":21.79,"memberCount":3,"createdBy":"Nemean"}
{"ts":"2026-07-09T02:03:24.858Z","event":"upload","session":"CFDU7U","username":"Nemean","uploadId":"c1a4cbdc-33d3-4c3f-b7ab-f53b7f78eac5","sizeMB":12.73,"memberCount":3,"createdBy":"Nemean"}
{"ts":"2026-07-09T02:07:47.155Z","event":"upload","session":"CFDU7U","username":"Nemean","uploadId":"90241cf9-001b-418b-8928-8f303ff41ccf","sizeMB":22.05,"memberCount":3,"createdBy":"Nemean"}
{"ts":"2026-07-09T02:11:35.065Z","event":"upload","session":"CFDU7U","username":"Nemean","uploadId":"e32aa2c7-3a3c-4a15-9e23-4ca533c81c64","sizeMB":18.55,"memberCount":3,"createdBy":"Nemean"}
{"ts":"2026-07-09T02:12:34.707Z","event":"upload","session":"CFDU7U","username":"Nemean","uploadId":"77f326a1-78e7-40c5-ae8c-1cc94efe1f4e","sizeMB":17.74,"memberCount":3,"createdBy":"Nemean"}
{"ts":"2026-07-09T02:13:32.773Z","event":"upload","session":"CFDU7U","username":"Nemean","uploadId":"aadc2357-c1e1-4fc0-98b4-626460e20fc5","sizeMB":15.82,"memberCount":3,"createdBy":"Nemean"}
{"ts":"2026-07-09T02:14:49.278Z","event":"upload","session":"CFDU7U","username":"Nemean","uploadId":"bf3241e8-d55f-4f3f-981b-3c772c82b740","sizeMB":18.49,"memberCount":3,"createdBy":"Nemean"}
{"ts":"2026-07-09T03:05:57.290Z","event":"upload","session":"8XR3UL","username":"cabbam","uploadId":"2aa44ab3-e71f-46a6-87f7-31aa3a8671ff","sizeMB":25.97,"memberCount":3,"createdBy":"moonfrog"}
{"ts":"2026-07-09T03:05:57.597Z","event":"upload","session":"8XR3UL","username":"Nemean","uploadId":"0bac05c3-3979-40e4-a697-2e1dc218d455","sizeMB":39.9,"memberCount":3,"createdBy":"moonfrog"}
{"ts":"2026-07-09T03:05:58.513Z","event":"upload","session":"8XR3UL","username":"moonfrog","uploadId":"b0343352-7360-4036-893c-81abd213aa9d","sizeMB":14.24,"memberCount":3,"createdBy":"moonfrog"}
{"ts":"2026-07-09T03:20:59.612Z","event":"upload","session":"8XR3UL","username":"Nemean","uploadId":"00723c1c-9f5e-4a95-a685-9018e7d8e2d9","sizeMB":25.64,"memberCount":3,"createdBy":"moonfrog"}
{"ts":"2026-07-09T03:21:02.710Z","event":"upload","session":"8XR3UL","username":"cabbam","uploadId":"947017fc-2719-41a3-b3ef-f5fadf50492e","sizeMB":29.15,"memberCount":3,"createdBy":"moonfrog"}
{"ts":"2026-07-09T03:21:02.995Z","event":"upload","session":"8XR3UL","username":"moonfrog","uploadId":"cf4f8638-aeb8-4875-b167-4484042f766f","sizeMB":16.82,"memberCount":3,"createdBy":"moonfrog"}
{"ts":"2026-07-09T03:23:16.519Z","event":"upload","session":"8XR3UL","username":"Nemean","uploadId":"033d9df1-96eb-41a3-a0e2-1085085da0f4","sizeMB":28.33,"memberCount":3,"createdBy":"moonfrog"}
{"ts":"2026-07-09T03:23:19.275Z","event":"upload","session":"8XR3UL","username":"moonfrog","uploadId":"f1eedabd-e9aa-4777-b514-39b34d821f17","sizeMB":16.52,"memberCount":3,"createdBy":"moonfrog"}
{"ts":"2026-07-09T03:24:08.761Z","event":"upload","session":"8XR3UL","username":"Nemean","uploadId":"7051cfb3-72c8-42a7-93dd-312e9c25ee61","sizeMB":31.06,"memberCount":3,"createdBy":"moonfrog"}
{"ts":"2026-07-09T03:24:13.229Z","event":"upload","session":"8XR3UL","username":"moonfrog","uploadId":"de5da903-66e1-437f-a574-da851da8ff4d","sizeMB":20.15,"memberCount":3,"createdBy":"moonfrog"}
{"ts":"2026-07-09T03:30:13.585Z","event":"upload","session":"8XR3UL","username":"cabbam","uploadId":"5ff08783-b469-4518-9122-65a97bd337a6","sizeMB":19.09,"memberCount":3,"createdBy":"moonfrog"}
{"ts":"2026-07-09T03:30:16.135Z","event":"upload","session":"8XR3UL","username":"Nemean","uploadId":"2df169e8-b995-46aa-90b9-57f386fb98ba","sizeMB":50.63,"memberCount":3,"createdBy":"moonfrog"}
{"ts":"2026-07-09T03:30:20.247Z","event":"upload","session":"8XR3UL","username":"moonfrog","uploadId":"43ded587-7f5d-4b4e-8d46-1fd00a9e9345","sizeMB":23.52,"memberCount":3,"createdBy":"moonfrog"}
{"ts":"2026-07-09T03:41:45.701Z","event":"upload","session":"8XR3UL","username":"cabbam","uploadId":"172d34a9-5055-4664-b05f-3356eaedcdf4","sizeMB":11.09,"memberCount":2,"createdBy":"moonfrog"}
{"ts":"2026-07-09T03:41:49.708Z","event":"upload","session":"8XR3UL","username":"Nemean","uploadId":"f8d963aa-c3b3-4936-8505-72e87fdb7c28","sizeMB":34.5,"memberCount":2,"createdBy":"moonfrog"}
{"ts":"2026-07-09T03:56:28.148Z","event":"upload","session":"8XR3UL","username":"Nemean","uploadId":"b433cb57-a9b8-4a2e-a761-e1cc407cb0db","sizeMB":29.22,"memberCount":3,"createdBy":"moonfrog"}
{"ts":"2026-07-09T03:56:35.317Z","event":"upload","session":"8XR3UL","username":"cabbam","uploadId":"70d58a99-15cd-4b94-9864-15bd433bcd0d","sizeMB":33.23,"memberCount":3,"createdBy":"moonfrog"}
{"ts":"2026-07-09T03:56:37.420Z","event":"upload","session":"8XR3UL","username":"moonfrog","uploadId":"4aae7098-83f4-40e0-8e8a-1b38ea5569f4","sizeMB":30.28,"memberCount":3,"createdBy":"moonfrog"}
{"ts":"2026-07-09T04:07:33.006Z","event":"upload","session":"8XR3UL","username":"Nemean","uploadId":"203005cf-cd9b-4b85-860b-61dee6c9bc40","sizeMB":23.2,"memberCount":3,"createdBy":"moonfrog"}
{"ts":"2026-07-09T04:07:44.380Z","event":"upload","session":"8XR3UL","username":"moonfrog","uploadId":"9c052f69-3314-49d6-8bc0-c5c9efe07bf2","sizeMB":32.53,"memberCount":3,"createdBy":"moonfrog"}
{"ts":"2026-07-09T04:07:56.027Z","event":"upload","session":"8XR3UL","username":"Nemean","uploadId":"49867c8b-c106-43e6-a65e-020e4aab5591","sizeMB":11.67,"memberCount":3,"createdBy":"moonfrog"}
{"ts":"2026-07-09T04:08:00.150Z","event":"upload","session":"8XR3UL","username":"moonfrog","uploadId":"07d618ff-45fe-4cf1-bae6-e5f092c00015","sizeMB":14.84,"memberCount":3,"createdBy":"moonfrog"}
{"ts":"2026-07-09T04:09:00.790Z","event":"upload","session":"8XR3UL","username":"Nemean","uploadId":"8245804e-175c-4182-8818-c79051528150","sizeMB":15.79,"memberCount":3,"createdBy":"moonfrog"}
{"ts":"2026-07-09T04:09:07.687Z","event":"upload","session":"8XR3UL","username":"moonfrog","uploadId":"5c721845-7898-44dc-8336-15bdeecd6e99","sizeMB":19.83,"memberCount":3,"createdBy":"moonfrog"}
